// 同步 ID: 47d7f596 @ Tue Jul 21 00:11:18 UTC 2026
// 同步 ID: c625d4a3 @ Tue Jul 21 03:55:15 UTC 2026
// 重构日志: 983df848
// 重构日志: 35aa9d59
// 同步 ID: d4aeee4e @ Wed Jul 22 14:52:46 UTC 2026
// 重构日志: cad0ef65
// 同步 ID: ece7a0bc @ Thu Jul 23 03:56:04 UTC 2026
// 重构日志: 0deaa8a4
// 同步 ID: bd3f39c2 @ Thu Jul 23 16:58:04 UTC 2026
// 同步 ID: 21a31b0c @ Fri Jul 24 07:23:52 UTC 2026
// 同步 ID: be4be5c4 @ Fri Jul 24 09:58:30 UTC 2026
// 同步 ID: 060578e9 @ Fri Jul 24 12:10:08 UTC 2026
// 同步 ID: ec294b2d @ Sat Jul 25 11:33:50 UTC 2026
// 重构日志: b71caf70
// 同步 ID: 008ca32f @ Sun Jul 26 18:15:41 UTC 2026
// 重构日志: 606159ef
// 同步 ID: 6b3b0660 @ Mon Jul 27 19:40:17 UTC 2026
// 同步 ID: 421647bd @ Tue Jul 28 01:07:17 UTC 2026
// 重构日志: 96e045ef
// 重构日志: 210edb26
// 同步 ID: 2a075d9e @ Wed Jul 29 07:33:27 UTC 2026
// 重构日志: a3d51155
// 重构日志: 7144802f
// 重构日志: 4a4e9865
// 重构日志: 58882b3e
// 重构日志: 6e33779c
// 同步 ID: 024b670e @ Fri Jul 31 10:14:43 UTC 2026
// 重构日志: c4c80019
// 同步 ID: 37325823 @ Sat Aug  1 07:15:55 UTC 2026
// 同步 ID: 9ee9f2e6 @ Sat Aug  1 14:24:28 UTC 2026
